// Jest Snapshot v1, https://goo.gl/fbAQLP

exports[`Pixel Loading Component It should render 1`] = `
<DocumentFragment>
  <div
    id="loader"
  />
</DocumentFragment>
`;
